// Jest Snapshot v1, https://goo.gl/fbAQLP

exports[`Landing should match the snapshot 1`] = `
ShallowWrapper {
  "length": 1,
  Symbol(enzyme.__root__): [Circular],
  Symbol(enzyme.__unrendered__): <Landing />,
  Symbol(enzyme.__renderer__): Object {
    "batchedUpdates": [Function],
    "getNode": [Function],
    "render": [Function],
    "simulateEvent": [Function],
    "unmount": [Function],
  },
  Symbol(enzyme.__node__): Object {
    "instance": null,
    "key": undefined,
    "nodeType": "host",
    "props": Object {
      "children": Array [
        <form
          className="landing-form"
          onSubmit={[Function]}
>
          <input
                    className="zip"
                    name="zip"
                    onChange={[Function]}
                    placeholder="Zip Code"
                    type="number"
                    value={undefined}
          />
          <h3
                    className="enter-text"
          >
                    Enter your zip code to see activities near you
          </h3>
</form>,
        <div
          className="landing-signup"
>
          <NavLink
                    activeClassName="active"
                    ariaCurrent="true"
                    className="nav-signup"
                    to="/signup"
          >
                    Sign Up
          </NavLink>
          <h3
                    className="create-text"
          >
                    To create an activity for people to join
          </h3>
</div>,
      ],
      "className": "landing",
    },
    "ref": null,
    "rendered": Array [
      Object {
        "instance": null,
        "key": undefined,
        "nodeType": "host",
        "props": Object {
          "children": Array [
            <input
              className="zip"
              name="zip"
              onChange={[Function]}
              placeholder="Zip Code"
              type="number"
              value={undefined}
/>,
            <h3
              className="enter-text"
>
              Enter your zip code to see activities near you
</h3>,
          ],
          "className": "landing-form",
          "onSubmit": [Function],
        },
        "ref": null,
        "rendered": Array [
          Object {
            "instance": null,
            "key": undefined,
            "nodeType": "host",
            "props": Object {
              "className": "zip",
              "name": "zip",
              "onChange": [Function],
              "placeholder": "Zip Code",
              "type": "number",
              "value": undefined,
            },
            "ref": null,
            "rendered": null,
            "type": "input",
          },
          Object {
            "instance": null,
            "key": undefined,
            "nodeType": "host",
            "props": Object {
              "children": "Enter your zip code to see activities near you",
              "className": "enter-text",
            },
            "ref": null,
            "rendered": "Enter your zip code to see activities near you",
            "type": "h3",
          },
        ],
        "type": "form",
      },
      Object {
        "instance": null,
        "key": undefined,
        "nodeType": "host",
        "props": Object {
          "children": Array [
            <NavLink
              activeClassName="active"
              ariaCurrent="true"
              className="nav-signup"
              to="/signup"
>
              Sign Up
</NavLink>,
            <h3
              className="create-text"
>
              To create an activity for people to join
</h3>,
          ],
          "className": "landing-signup",
        },
        "ref": null,
        "rendered": Array [
          Object {
            "instance": null,
            "key": undefined,
            "nodeType": "function",
            "props": Object {
              "activeClassName": "active",
              "ariaCurrent": "true",
              "children": "Sign Up",
              "className": "nav-signup",
              "to": "/signup",
            },
            "ref": null,
            "rendered": "Sign Up",
            "type": [Function],
          },
          Object {
            "instance": null,
            "key": undefined,
            "nodeType": "host",
            "props": Object {
              "children": "To create an activity for people to join",
              "className": "create-text",
            },
            "ref": null,
            "rendered": "To create an activity for people to join",
            "type": "h3",
          },
        ],
        "type": "div",
      },
    ],
    "type": "div",
  },
  Symbol(enzyme.__nodes__): Array [
    Object {
      "instance": null,
      "key": undefined,
      "nodeType": "host",
      "props": Object {
        "children": Array [
          <form
            className="landing-form"
            onSubmit={[Function]}
>
            <input
                        className="zip"
                        name="zip"
                        onChange={[Function]}
                        placeholder="Zip Code"
                        type="number"
                        value={undefined}
            />
            <h3
                        className="enter-text"
            >
                        Enter your zip code to see activities near you
            </h3>
</form>,
          <div
            className="landing-signup"
>
            <NavLink
                        activeClassName="active"
                        ariaCurrent="true"
                        className="nav-signup"
                        to="/signup"
            >
                        Sign Up
            </NavLink>
            <h3
                        className="create-text"
            >
                        To create an activity for people to join
            </h3>
</div>,
        ],
        "className": "landing",
      },
      "ref": null,
      "rendered": Array [
        Object {
          "instance": null,
          "key": undefined,
          "nodeType": "host",
          "props": Object {
            "children": Array [
              <input
                className="zip"
                name="zip"
                onChange={[Function]}
                placeholder="Zip Code"
                type="number"
                value={undefined}
/>,
              <h3
                className="enter-text"
>
                Enter your zip code to see activities near you
</h3>,
            ],
            "className": "landing-form",
            "onSubmit": [Function],
          },
          "ref": null,
          "rendered": Array [
            Object {
              "instance": null,
              "key": undefined,
              "nodeType": "host",
              "props": Object {
                "className": "zip",
                "name": "zip",
                "onChange": [Function],
                "placeholder": "Zip Code",
                "type": "number",
                "value": undefined,
              },
              "ref": null,
              "rendered": null,
              "type": "input",
            },
            Object {
              "instance": null,
              "key": undefined,
              "nodeType": "host",
              "props": Object {
                "children": "Enter your zip code to see activities near you",
                "className": "enter-text",
              },
              "ref": null,
              "rendered": "Enter your zip code to see activities near you",
              "type": "h3",
            },
          ],
          "type": "form",
        },
        Object {
          "instance": null,
          "key": undefined,
          "nodeType": "host",
          "props": Object {
            "children": Array [
              <NavLink
                activeClassName="active"
                ariaCurrent="true"
                className="nav-signup"
                to="/signup"
>
                Sign Up
</NavLink>,
              <h3
                className="create-text"
>
                To create an activity for people to join
</h3>,
            ],
            "className": "landing-signup",
          },
          "ref": null,
          "rendered": Array [
            Object {
              "instance": null,
              "key": undefined,
              "nodeType": "function",
              "props": Object {
                "activeClassName": "active",
                "ariaCurrent": "true",
                "children": "Sign Up",
                "className": "nav-signup",
                "to": "/signup",
              },
              "ref": null,
              "rendered": "Sign Up",
              "type": [Function],
            },
            Object {
              "instance": null,
              "key": undefined,
              "nodeType": "host",
              "props": Object {
                "children": "To create an activity for people to join",
                "className": "create-text",
              },
              "ref": null,
              "rendered": "To create an activity for people to join",
              "type": "h3",
            },
          ],
          "type": "div",
        },
      ],
      "type": "div",
    },
  ],
  Symbol(enzyme.__options__): Object {
    "adapter": ReactSixteenAdapter {
      "options": Object {
        "enableComponentDidUpdateOnSetState": true,
      },
    },
  },
}
`;
