// Jest Snapshot v1, https://goo.gl/fbAQLP

exports[`SignUp should match the snapshot 1`] = `
ShallowWrapper {
  "length": 1,
  Symbol(enzyme.__root__): [Circular],
  Symbol(enzyme.__unrendered__): <SignUp />,
  Symbol(enzyme.__renderer__): Object {
    "batchedUpdates": [Function],
    "getNode": [Function],
    "render": [Function],
    "simulateEvent": [Function],
    "unmount": [Function],
  },
  Symbol(enzyme.__node__): Object {
    "instance": null,
    "key": undefined,
    "nodeType": "host",
    "props": Object {
      "children": <form
        className="sign-up-form"
        onSubmit={[Function]}
>
        <input
                className="input name-input"
                name="username"
                onChange={[Function]}
                placeholder="Username"
                type="text"
                value=""
        />
        <input
                className="input zip-input"
                name="zipcode"
                onChange={[Function]}
                placeholder="Zip Code"
                type="number"
                value={undefined}
        />
        <input
                className="input email-input"
                name="email"
                onChange={[Function]}
                placeholder="Email Address"
                type="text"
                value=""
        />
        <input
                className="input password-input"
                name="password"
                onChange={[Function]}
                placeholder="Password"
                type="password"
                value=""
        />
        <input
                className="input confirm-input"
                name="confirmPassword"
                onChange={[Function]}
                placeholder="Confirm Password"
                type="password"
                value=""
        />
        <button
                className="sign-up-btn"
                disabled={true}
                type="submit"
        >
                Sign Up
        </button>
</form>,
      "className": "sign-up",
    },
    "ref": null,
    "rendered": Object {
      "instance": null,
      "key": undefined,
      "nodeType": "host",
      "props": Object {
        "children": Array [
          <input
            className="input name-input"
            name="username"
            onChange={[Function]}
            placeholder="Username"
            type="text"
            value=""
/>,
          <input
            className="input zip-input"
            name="zipcode"
            onChange={[Function]}
            placeholder="Zip Code"
            type="number"
            value={undefined}
/>,
          <input
            className="input email-input"
            name="email"
            onChange={[Function]}
            placeholder="Email Address"
            type="text"
            value=""
/>,
          <input
            className="input password-input"
            name="password"
            onChange={[Function]}
            placeholder="Password"
            type="password"
            value=""
/>,
          <input
            className="input confirm-input"
            name="confirmPassword"
            onChange={[Function]}
            placeholder="Confirm Password"
            type="password"
            value=""
/>,
          <button
            className="sign-up-btn"
            disabled={true}
            type="submit"
>
            Sign Up
</button>,
          null,
        ],
        "className": "sign-up-form",
        "onSubmit": [Function],
      },
      "ref": null,
      "rendered": Array [
        Object {
          "instance": null,
          "key": undefined,
          "nodeType": "host",
          "props": Object {
            "className": "input name-input",
            "name": "username",
            "onChange": [Function],
            "placeholder": "Username",
            "type": "text",
            "value": "",
          },
          "ref": null,
          "rendered": null,
          "type": "input",
        },
        Object {
          "instance": null,
          "key": undefined,
          "nodeType": "host",
          "props": Object {
            "className": "input zip-input",
            "name": "zipcode",
            "onChange": [Function],
            "placeholder": "Zip Code",
            "type": "number",
            "value": undefined,
          },
          "ref": null,
          "rendered": null,
          "type": "input",
        },
        Object {
          "instance": null,
          "key": undefined,
          "nodeType": "host",
          "props": Object {
            "className": "input email-input",
            "name": "email",
            "onChange": [Function],
            "placeholder": "Email Address",
            "type": "text",
            "value": "",
          },
          "ref": null,
          "rendered": null,
          "type": "input",
        },
        Object {
          "instance": null,
          "key": undefined,
          "nodeType": "host",
          "props": Object {
            "className": "input password-input",
            "name": "password",
            "onChange": [Function],
            "placeholder": "Password",
            "type": "password",
            "value": "",
          },
          "ref": null,
          "rendered": null,
          "type": "input",
        },
        Object {
          "instance": null,
          "key": undefined,
          "nodeType": "host",
          "props": Object {
            "className": "input confirm-input",
            "name": "confirmPassword",
            "onChange": [Function],
            "placeholder": "Confirm Password",
            "type": "password",
            "value": "",
          },
          "ref": null,
          "rendered": null,
          "type": "input",
        },
        Object {
          "instance": null,
          "key": undefined,
          "nodeType": "host",
          "props": Object {
            "children": "Sign Up",
            "className": "sign-up-btn",
            "disabled": true,
            "type": "submit",
          },
          "ref": null,
          "rendered": "Sign Up",
          "type": "button",
        },
        null,
      ],
      "type": "form",
    },
    "type": "div",
  },
  Symbol(enzyme.__nodes__): Array [
    Object {
      "instance": null,
      "key": undefined,
      "nodeType": "host",
      "props": Object {
        "children": <form
          className="sign-up-form"
          onSubmit={[Function]}
>
          <input
                    className="input name-input"
                    name="username"
                    onChange={[Function]}
                    placeholder="Username"
                    type="text"
                    value=""
          />
          <input
                    className="input zip-input"
                    name="zipcode"
                    onChange={[Function]}
                    placeholder="Zip Code"
                    type="number"
                    value={undefined}
          />
          <input
                    className="input email-input"
                    name="email"
                    onChange={[Function]}
                    placeholder="Email Address"
                    type="text"
                    value=""
          />
          <input
                    className="input password-input"
                    name="password"
                    onChange={[Function]}
                    placeholder="Password"
                    type="password"
                    value=""
          />
          <input
                    className="input confirm-input"
                    name="confirmPassword"
                    onChange={[Function]}
                    placeholder="Confirm Password"
                    type="password"
                    value=""
          />
          <button
                    className="sign-up-btn"
                    disabled={true}
                    type="submit"
          >
                    Sign Up
          </button>
</form>,
        "className": "sign-up",
      },
      "ref": null,
      "rendered": Object {
        "instance": null,
        "key": undefined,
        "nodeType": "host",
        "props": Object {
          "children": Array [
            <input
              className="input name-input"
              name="username"
              onChange={[Function]}
              placeholder="Username"
              type="text"
              value=""
/>,
            <input
              className="input zip-input"
              name="zipcode"
              onChange={[Function]}
              placeholder="Zip Code"
              type="number"
              value={undefined}
/>,
            <input
              className="input email-input"
              name="email"
              onChange={[Function]}
              placeholder="Email Address"
              type="text"
              value=""
/>,
            <input
              className="input password-input"
              name="password"
              onChange={[Function]}
              placeholder="Password"
              type="password"
              value=""
/>,
            <input
              className="input confirm-input"
              name="confirmPassword"
              onChange={[Function]}
              placeholder="Confirm Password"
              type="password"
              value=""
/>,
            <button
              className="sign-up-btn"
              disabled={true}
              type="submit"
>
              Sign Up
</button>,
            null,
          ],
          "className": "sign-up-form",
          "onSubmit": [Function],
        },
        "ref": null,
        "rendered": Array [
          Object {
            "instance": null,
            "key": undefined,
            "nodeType": "host",
            "props": Object {
              "className": "input name-input",
              "name": "username",
              "onChange": [Function],
              "placeholder": "Username",
              "type": "text",
              "value": "",
            },
            "ref": null,
            "rendered": null,
            "type": "input",
          },
          Object {
            "instance": null,
            "key": undefined,
            "nodeType": "host",
            "props": Object {
              "className": "input zip-input",
              "name": "zipcode",
              "onChange": [Function],
              "placeholder": "Zip Code",
              "type": "number",
              "value": undefined,
            },
            "ref": null,
            "rendered": null,
            "type": "input",
          },
          Object {
            "instance": null,
            "key": undefined,
            "nodeType": "host",
            "props": Object {
              "className": "input email-input",
              "name": "email",
              "onChange": [Function],
              "placeholder": "Email Address",
              "type": "text",
              "value": "",
            },
            "ref": null,
            "rendered": null,
            "type": "input",
          },
          Object {
            "instance": null,
            "key": undefined,
            "nodeType": "host",
            "props": Object {
              "className": "input password-input",
              "name": "password",
              "onChange": [Function],
              "placeholder": "Password",
              "type": "password",
              "value": "",
            },
            "ref": null,
            "rendered": null,
            "type": "input",
          },
          Object {
            "instance": null,
            "key": undefined,
            "nodeType": "host",
            "props": Object {
              "className": "input confirm-input",
              "name": "confirmPassword",
              "onChange": [Function],
              "placeholder": "Confirm Password",
              "type": "password",
              "value": "",
            },
            "ref": null,
            "rendered": null,
            "type": "input",
          },
          Object {
            "instance": null,
            "key": undefined,
            "nodeType": "host",
            "props": Object {
              "children": "Sign Up",
              "className": "sign-up-btn",
              "disabled": true,
              "type": "submit",
            },
            "ref": null,
            "rendered": "Sign Up",
            "type": "button",
          },
          null,
        ],
        "type": "form",
      },
      "type": "div",
    },
  ],
  Symbol(enzyme.__options__): Object {
    "adapter": ReactSixteenAdapter {
      "options": Object {
        "enableComponentDidUpdateOnSetState": true,
      },
    },
  },
}
`;
